// Jest Snapshot v1, https://goo.gl/fbAQLP

exports[`ProductHeader is defined should render inner component 1`] = `
ShallowWrapper {
  "length": 1,
  Symbol(enzyme.__root__): [Circular],
  Symbol(enzyme.__unrendered__): <ProductHeader
    subHeaderText="My retails Product Details"
/>,
  Symbol(enzyme.__renderer__): Object {
    "batchedUpdates": [Function],
    "getNode": [Function],
    "render": [Function],
    "simulateEvent": [Function],
    "unmount": [Function],
  },
  Symbol(enzyme.__node__): Object {
    "instance": null,
    "key": undefined,
    "nodeType": "host",
    "props": Object {
      "children": Array [
        <div>
          <Image
                    as="img"
                    src="/assets/Color-Target-logo.png"
                    style={
                              Object {
                                        "float": "right",
                                        "maxWidth": 55,
                                        "textAlign": "right",
                                      }
                    }
                    ui={true}
          />
</div>,
        <div
          style={
                    Object {
                              "width": "100%",
                            }
          }
>
          <div
                    style={
                              Object {
                                        "color": "white",
                                        "fontSize": 24,
                                        "fontWeight": "bold",
                                        "lineHeight": 1.2,
                                        "paddingLeft": 10,
                                        "textAlign": "left",
                                      }
                    }
          >
                    MyRetails Products Warehouse
          </div>
          <div
                    style={
                              Object {
                                        "color": "white",
                                        "fontSize": 18,
                                        "paddingLeft": 10,
                                        "textAlign": "left",
                                      }
                    }
          >
                    My retails Product Details
          </div>
</div>,
      ],
      "className": "headContainer",
      "style": Object {
        "display": "flex",
      },
    },
    "ref": null,
    "rendered": Array [
      Object {
        "instance": null,
        "key": undefined,
        "nodeType": "host",
        "props": Object {
          "children": <Image
            as="img"
            src="/assets/Color-Target-logo.png"
            style={
                        Object {
                                    "float": "right",
                                    "maxWidth": 55,
                                    "textAlign": "right",
                                  }
            }
            ui={true}
/>,
        },
        "ref": null,
        "rendered": Object {
          "instance": null,
          "key": undefined,
          "nodeType": "function",
          "props": Object {
            "as": "img",
            "src": "/assets/Color-Target-logo.png",
            "style": Object {
              "float": "right",
              "maxWidth": 55,
              "textAlign": "right",
            },
            "ui": true,
          },
          "ref": null,
          "rendered": null,
          "type": [Function],
        },
        "type": "div",
      },
      Object {
        "instance": null,
        "key": undefined,
        "nodeType": "host",
        "props": Object {
          "children": Array [
            <div
              style={
                            Object {
                                          "color": "white",
                                          "fontSize": 24,
                                          "fontWeight": "bold",
                                          "lineHeight": 1.2,
                                          "paddingLeft": 10,
                                          "textAlign": "left",
                                        }
              }
>
              MyRetails Products Warehouse
</div>,
            <div
              style={
                            Object {
                                          "color": "white",
                                          "fontSize": 18,
                                          "paddingLeft": 10,
                                          "textAlign": "left",
                                        }
              }
>
              My retails Product Details
</div>,
          ],
          "style": Object {
            "width": "100%",
          },
        },
        "ref": null,
        "rendered": Array [
          Object {
            "instance": null,
            "key": undefined,
            "nodeType": "host",
            "props": Object {
              "children": "MyRetails Products Warehouse",
              "style": Object {
                "color": "white",
                "fontSize": 24,
                "fontWeight": "bold",
                "lineHeight": 1.2,
                "paddingLeft": 10,
                "textAlign": "left",
              },
            },
            "ref": null,
            "rendered": "MyRetails Products Warehouse",
            "type": "div",
          },
          Object {
            "instance": null,
            "key": undefined,
            "nodeType": "host",
            "props": Object {
              "children": "My retails Product Details",
              "style": Object {
                "color": "white",
                "fontSize": 18,
                "paddingLeft": 10,
                "textAlign": "left",
              },
            },
            "ref": null,
            "rendered": "My retails Product Details",
            "type": "div",
          },
        ],
        "type": "div",
      },
    ],
    "type": "div",
  },
  Symbol(enzyme.__nodes__): Array [
    Object {
      "instance": null,
      "key": undefined,
      "nodeType": "host",
      "props": Object {
        "children": Array [
          <div>
            <Image
                        as="img"
                        src="/assets/Color-Target-logo.png"
                        style={
                                    Object {
                                                "float": "right",
                                                "maxWidth": 55,
                                                "textAlign": "right",
                                              }
                        }
                        ui={true}
            />
</div>,
          <div
            style={
                        Object {
                                    "width": "100%",
                                  }
            }
>
            <div
                        style={
                                    Object {
                                                "color": "white",
                                                "fontSize": 24,
                                                "fontWeight": "bold",
                                                "lineHeight": 1.2,
                                                "paddingLeft": 10,
                                                "textAlign": "left",
                                              }
                        }
            >
                        MyRetails Products Warehouse
            </div>
            <div
                        style={
                                    Object {
                                                "color": "white",
                                                "fontSize": 18,
                                                "paddingLeft": 10,
                                                "textAlign": "left",
                                              }
                        }
            >
                        My retails Product Details
            </div>
</div>,
        ],
        "className": "headContainer",
        "style": Object {
          "display": "flex",
        },
      },
      "ref": null,
      "rendered": Array [
        Object {
          "instance": null,
          "key": undefined,
          "nodeType": "host",
          "props": Object {
            "children": <Image
              as="img"
              src="/assets/Color-Target-logo.png"
              style={
                            Object {
                                          "float": "right",
                                          "maxWidth": 55,
                                          "textAlign": "right",
                                        }
              }
              ui={true}
/>,
          },
          "ref": null,
          "rendered": Object {
            "instance": null,
            "key": undefined,
            "nodeType": "function",
            "props": Object {
              "as": "img",
              "src": "/assets/Color-Target-logo.png",
              "style": Object {
                "float": "right",
                "maxWidth": 55,
                "textAlign": "right",
              },
              "ui": true,
            },
            "ref": null,
            "rendered": null,
            "type": [Function],
          },
          "type": "div",
        },
        Object {
          "instance": null,
          "key": undefined,
          "nodeType": "host",
          "props": Object {
            "children": Array [
              <div
                style={
                                Object {
                                                "color": "white",
                                                "fontSize": 24,
                                                "fontWeight": "bold",
                                                "lineHeight": 1.2,
                                                "paddingLeft": 10,
                                                "textAlign": "left",
                                              }
                }
>
                MyRetails Products Warehouse
</div>,
              <div
                style={
                                Object {
                                                "color": "white",
                                                "fontSize": 18,
                                                "paddingLeft": 10,
                                                "textAlign": "left",
                                              }
                }
>
                My retails Product Details
</div>,
            ],
            "style": Object {
              "width": "100%",
            },
          },
          "ref": null,
          "rendered": Array [
            Object {
              "instance": null,
              "key": undefined,
              "nodeType": "host",
              "props": Object {
                "children": "MyRetails Products Warehouse",
                "style": Object {
                  "color": "white",
                  "fontSize": 24,
                  "fontWeight": "bold",
                  "lineHeight": 1.2,
                  "paddingLeft": 10,
                  "textAlign": "left",
                },
              },
              "ref": null,
              "rendered": "MyRetails Products Warehouse",
              "type": "div",
            },
            Object {
              "instance": null,
              "key": undefined,
              "nodeType": "host",
              "props": Object {
                "children": "My retails Product Details",
                "style": Object {
                  "color": "white",
                  "fontSize": 18,
                  "paddingLeft": 10,
                  "textAlign": "left",
                },
              },
              "ref": null,
              "rendered": "My retails Product Details",
              "type": "div",
            },
          ],
          "type": "div",
        },
      ],
      "type": "div",
    },
  ],
  Symbol(enzyme.__options__): Object {
    "adapter": ReactSixteenAdapter {
      "options": Object {
        "enableComponentDidUpdateOnSetState": true,
      },
    },
  },
}
`;
